mode: set
primeapp/main.go:5.13,20.2 7 0
primeapp/main.go:22.36,25.22 1 1
primeapp/main.go:25.22,27.3 1 1
primeapp/main.go:29.2,29.11 1 1
primeapp/main.go:29.11,31.3 1 1
primeapp/main.go:33.2,33.28 1 1
primeapp/main.go:33.28,34.15 1 1
primeapp/main.go:34.15,36.4 1 1
primeapp/main.go:40.2,40.53 1 1
